usage: vagrancyCtrl download [-h] output_file box_name provider [version]

Download a vagrant box from the vagrancy server. You have to specify the target
file, the name of the vagrant box, the provider and the version of the box. If
you specify the version as '-1', the latest version is automatically determined
and downloaded.

Return codes:
 0 - Communication was successfull.
 1 - Communication failed.

positional arguments:
  output_file  The target file name of the vagrant box file. Specify '-' to write the file to stdout.
  box_name     The vagrant box name.
  provider     The provider, e.g., libvirt or virtualbox.
  version      The version of the vagrant box. The special value '-1' allows you to automatically select the latest version. Default: -1

optional arguments:
  -h, --help   show this help message and exit
