usage: vagrancyCtrl print [-h] [-p PROVIDER] [-v] [--csv] [box_name]

Get a list of all available boxes on the vagrancy server. Without any arguments,
the names of all boxes are printed:
  vagrancyCtrl print

You can also limit the list by specifiing a pattern:
  vagrancyCtrl print base/*18.04*

Using the '--provider' option, you can limit the output list to a certain
provider (virtualbox, libvirt), e.g., by listing only virtualbox images:
  vagrancyCtrl print --provider virtualbox

To get more information about the boxes, such as the provider, versions, etc.,
you can use the '--verbose' option:
  vagrancyCtrl print --verbose base/*18.04*

To use the information in a script, you can specifiy the '--cvs' option to get
a comma separated list consisting of:
 - name of box on vagrancy
 - provider
 - directory to the box file relative to the vagrancy file store
 - latest version
 - next version

Return codes:
 0 - Communication was successfull.
 1 - Communication failed.

positional arguments:
  box_name              Print only names that match the given pattern. Default: *

optional arguments:
  -h, --help            show this help message and exit
  -p PROVIDER, --provider PROVIDER
                        Only print boxes that have the specified provider, e.g., libvirt or virtualbox.
  -v, --verbose         Be verbose and print all available information about the boxes.
  --csv                 Print a csv list instead of only the names.
