INFO: Uploaded box base/alternative (provider virtualbox, version 1.0.0) successfully.
