INFO: Uploaded box base/non-semantic (provider virtualbox, version 1.2.3-alpha) successfully.
