ERROR: Please do not use a pattern for the provider!
