INFO: Uploaded box base/test (provider virtualbox, version 1.2.3) successfully.
