INFO: Uploaded box base/test (provider libvirt, version 1.2.3) successfully.
