ERROR: Found 2 matching boxes for the specified provider/version!
       Please use a unique name/pattern!
