ERROR: Found 2 matching boxes! Please provide a unique name/pattern!
