ERROR: Found no matching box files for the specified provider/version pattern!
