INFO: New version of box base/test (provider virtualbox) determined as 2.0.1.
INFO: Uploaded box base/test (provider virtualbox, version 2.0.1) successfully.
