INFO: Uploaded box base/test (provider virtualbox, version 2.0.0) successfully.
