INFO: Uploaded box base/test2 (provider virtualbox, version 2.0.0) successfully.
