INFO: Deleted box base/dtest (provider virtualbox, version 2.0.1)
