INFO: Would delete box base/dtest (provider virtualbox, version 2.0.0)
