base/alternative
base/dtest2
base/test2
base/non-semantic
base/same
base/test
