base/dtest2,virtualbox,base/dtest2/2.0.0/virtualbox,2.0.0,2.0.1
